// Jest Snapshot v1, https://goo.gl/fbAQLP

exports[`ModalContent component should render 1`] = `
<Portal
  containerInfo={<body />}
>
  <FocusTrap
    _createFocusTrap={[Function]}
    active={true}
    focusTrapOptions={Object {}}
    paused={false}
  >
    <styled.aside>
      <styled.div>
        <styled.button>
          <styled.span
            id="close-modal"
          >
            Close
          </styled.span>
          <styled.svg
            viewBox="0 0 40 40"
          >
            <path
              d="M 10,10 L 30,30 M 30,10 L 10,30"
            />
          </styled.svg>
        </styled.button>
        <div />
      </styled.div>
    </styled.aside>
  </FocusTrap>
</Portal>
`;
